// Jest Snapshot v1, https://goo.gl/fbAQLP

exports[`Form rendres correctly 1`] = `
<div
  className="Form"
>
  <h1>
    Hey! 
  </h1>
  <p>
    Blah blah blah
  </p>
  <input
    onChange={[Function]}
    type="text"
    value=""
  />
  <p
    className="Form-Data"
  >
    
  </p>
  <a
    href="/card"
    onClick={[Function]}
  >
    card
  </a>
  <p
    className="Status"
  >
    Everything is alright
  </p>
</div>
`;
